want
can be
CV Template
have done bachelor
Technical Forte is
Working
Other Tools
Worked
am
having
am
's
PingIt
BMB
Bkey
Flexprod
Name
Dt
mm
yyyy
ACE
Pvt
Joined dd
Rational
Ltd
erstwhile
apps
Architect
Achievement
Reward
award
Page
Birth
status call
Known                                                	Hindi
English
Personal
UI
Award
Desktop System
Methodology
Employment History
PAT ON
Citizenship
EMPLOYEE ID
NAME
ID
OBJECTIVE
Passionate
software
quality
working
improvement
domain
Expertise
understanding
testing
products
activity
have
industry
includes
using
holds B
visa
Quality
Self owned product
Others
COMPONENTS
EPS
is
product
Eps is
brings speed
accuracy
prescription filling process
Eps improves
processes
productivity
Fixed
issues Ensuring Software
company standards
Duration
involved providing
carry
Hosting
Services
caters
should be
staging
Involved
modules
bill cycles
impact
issue
change
day
Carry
data
encountered
day billing operation activities
activities
take ownership
Participates
implementing
Call
clearance
MIU
failures
file systems
related
resolving
file system
table space
issues
CDR
details records coming
switch
changes
providing resolutions
queries
call
processing
failure resolution
coming
operations groups
Handling job
Corporate Accounts
rejects
Maps
acquisition
Formatting
system
ensure files are processed
manner
Providing
S
Career Objective
Seeking position
organization
environment
can exhibit
knowledge
enhance
management
gain
strengths
striving
growth
organization
Having
Quickly
engines
learned
Got
opportunity
engine
Period
Board
Percentage
Year of passing
Age-Gate
age validation form
validate
criteria
user
was
allowed
enter
Missing Magician
story unfolds
crosses
all
levels
chat
concept
Anubis
hidden
object
based
story line
has
progresses
accordingly
cab
car
racing
player
avoid
cars
hurdle
jumping
help
reach
finish
line
given
time
limit
Chicken Wings
chickens
falling
throwing
umbrella
landed
chicken
adds
fallen
loses
one
five
lives
Koi
worked
leaderboard integration
fish
feed
level
get
reduced
use
Hangman
Multi Player
Leaderboard
Integrated
multiplayer
users
whose
age
story
magician
town
goes
missing
showing
communication
Tic-Tac-Toe
according
revealing
secrets
objects
play
consists
identifying
objects
respect
clues
Mad Cab
got
complexity
increases
score
calculated
rule
maximum
distance
covered
save
koi
pond
three
Fishes
keeps
moving
paths
Player
click
tap
points
fishes
Number
depending
fishes
fed
version
guess
word
type
category
Player
fill
letters
complete
displayed
There
are
two
characters
screen
character
character B
letters A-Z
B will hit
A's
life
will
reduce
can
letter
guesses
wins
Strandead
devices
leaderboard
versions
web
Strandead refers
character
stuck
island
rescue
There
are
number
college competitions
won gold medal
Reading
books
participation
coordinator
events
birth
Marital Status
Single
known
Hindi
Marathi
Manisha
hsg
soc
-
Declaration
hereby declare
details
belief
obstacles
fly
end
Scoring
obstacles
gets dashed
Sudoku
Sudoku puzzle
Achievements
Won
prize
Paths
in-house
competition
organized
Extra Curricular Activities
Successfully passed state
drawing
examinations
grade
badminton
Details
Hackathon
Days
Summary
Web
app
Have
M
PL
exposure
ability
keep
motivated
abilities
clients
results
tasks
query resolution
deliverables
solution
problems
Effective
priority constraints
Universal Online
UOB
Annual Excellence
Innovation
Q
team
delivery
Course
M
Major
Two
banks
been enhanced
provide
operation
consume
Used
transactions
BNY
CLM
Life Cycle Management
revamped
flows
dashboard reports
formed
process areas
choosing
platform
inputs
SMEs
Mathematical algorithm
Integrating
webpages
mockups
widgets integration
Largest bank
part
initiative
task creation
ACH
High
Setup
replace
rewrite
existing
tablet
added
features
attract tech
customers
One
conglomerates
Jobcard
CMMI
initiatives
restructure
operations
used
timesheet
payroll
integrated
resource
task
allocation
End
resource allocation
Automation
kinds
report generation
xls
csv
format
sending
attachment
mail
authorities
pages
adding
Configurations
Largest power manufacturer
distributor company
client
provided
client
Eisha
managing
test
test cycles
linking
test coverage
Using
Admin module
side
reports
23rd
widgets
Simple
defects
Approximate
P
Varsha Kamble   E-Mail
E-Mail
Based
flair
adapting
Good Knowledge
handling
requests
defect
Ability
work
pressure
meet deadlines
FirstCry B2B
B
website
s
website
frenchisee
buy
online
optimization
directives
services
Generalized modal popups
service
error validation
directive
interfaces
shopping site
Kids
Redesigning
Website
convert
Handling
guide
syatem
information
buying
Sonos
shopping
SONOS
been implemented
consist
controllers
implemented
Citrine Assignment
POC
generation
EPRIMS
Emergency Preparedness
Response
Management System
EPRIMS
source
EPR
base
completed
curriculum
E-Toll
vehicle
plate recognition
E-toll
constructed
plate recognition
FirstCry
CMS
ANPR
recognizes
plate
deduct toll amount
account
E-TOLL
track
construction amount
contractor
contract
displays
updated contract amount
toll transaction amount
Sponsored
Time Table Generation System
generating
timetable
stores
schedules
generate
table
generates
timetable
college considering lectures
taking
subjects
teachers
classrooms
be
boutiques
reduces
accountancy
provides
reference
clothing
reduces
efforts
manager
Multiplex movie ticket booking
multiplex
movie ticket booking
provides ease
operator
Online
Dealing System
sub
selling
equity shares
broker
customer
record
removing
updating equity shares quantity
calculation
bills
Batch
Distinction
Gautama Apts
Sex
Female
Known
boutique
differentiate
seats
view
theater
see
seats
book
seats
Trading
Curriculum Vitae
Basant Vihar
Shanti Kunj
Vasant Kunj
Pani Ki Tanki
'm
specializing
page
interaction
hold
standard
everything
do
believe
interests run
gamut
infrastructure
pull
Back-
Scalable System
distributed systems
running
'm
Back-
Visual
Back-
College
Specialization
PCM
Founded
firm
college friends envisioning
solutions
Leveraging
Barriers
firm
vision
create
enabling people
make
Started
college
included
worldwide
custom websites
Led
process
translating
concepts
custom websites
Appointment
lots
patients
wait
meeting
doctor
Appointment solves
providing
update
appointments
updates
syncing
updates
Callbacks
integrating
responses
vice
Optimization
fetching
Overseeing
completion
peer
Process
cum
leading consultants
outsourcing firms
automate
required
excel
manpower
workflow
move
enabling
vendors
nation
sync
finalize
were
stubs
proposed
partials
top
Implemented
components
permissions module
Document Procurement portal
Self-Service vendor portal
Module
System
company
claimer portal
claim
status
SMS
status
Implementing
Profile
Father
Dr
Mother
Mrs
Male
U
Passport
Passport 	Passport
Issue 	Expiry
Place
Issue
'm
pan-
appointment
appointment tracking
www
yesarpit
cutting edge
principles
Hybrid
manipulation techniques
device
accessibility
approach
Completed
Captain
Completed SSE
View Badge
Awards ? Awarded
back
FY
Appreciation
achieving
Gold Standards
Certificate
Appreciation
Awarded
dashboard
form
pie charts
graphs
Integration
maps
city admins
configure districts
set thresholds
threshold breach auto alert notification facility
Health Prize
Webapps
Desktop
Macs
iPad
iPhone
been followed
fits
size
layout
serving
basis
load reduction measures
taken
Capture
Analysis
document
capture
Analysis
Sports
Awards
SUMMARY
possess
scripting
expertise
hands
controls
integration
Centre
been
phases
analysis
calls
cross
compatibility
definition
Converting
structure
MRP
Mr Price
SA
MRP
tab
targeting
Taking
ownership
stories assigned
scratch
store submission
Service
Cross
http request
transition
Adept
backend
Provide
guidance
resolve
Doing
Learner
Learner Global Infotech
Learner
tutorial
targeting
students
faculty members
read
chapters
take assignments
tests defined
admin faculty members
facility
take note
assignment
topic
mark
highlight
topic
read
hour
input parameters
hour
cost
cone
uncertainty
frontend
integrate
Unit
tests
Hospital
patient bill
billed
SRS
stories
divides
epic
creation
domains
implement
completing
Tecosim
registering
state
tracking
employee's
offline
helped
tracking
resources
Bancorp
Star
login
list
restaurants
location
accessing lat
lng
gives
friends recommended comments
likes
rating
restaurants
wants
restaurant
business value
estimate epics
takes
Iteration length
module
manage bill
packages etc
bill
getting generated
manage drug's flow
main
store
drug's being
expiry date
drug's
Involving
Following
unit
sessions
feature
Alimento
name
comment
rate
identify
estimate
epics
needed
business
point
volume
patient
date
categorized
sent
received
consumed
would reflect
's
managers
requesting
's
Shakti Khand
Property
portal
Leading
Full Frontend
Welfare
Financial
Welfare
maintain Members
done
Leading
etc
Internal
Network
Railway
Trainee
Automated Request Implementer
Software
Foundation
passion
clean
Love
touch
enthusiast
Knowledge Areas
gave
custom
involved
giving
trainings
webinars
Intralinks
UpLift
Upgrading
Frontend
Backend
RDB
WebTempus
Reference
GWSD
z-Abacus
Taqwa
handled
Successfully
Management
Tourism
PMS
KMRA PMS
Ecommerce Portal
Work
Police
Designed
maintained
K Police Intranet
Site
helping Hospitals
Unique Identity
citizens
K
FRENZY
Social
Unstoppable
execution excellence
Orion
employee excellence
Hats
Current
intralinks
creating
SMART DME
Medical Equipment
called SMART DME
's
Smart Retailer
Lightening
detecting
errors
suggesting
fixes
's
Dreamforce
retailers
offers
promotions
distributers
Manufacturers
ApexLint
Dreamforce
batch programs
v
IBRED
Hi-tech
Ph
JavsScript
sound
networking
posting videos
images
text
video
coverage
SMB Marketing
Customizable
Background
Checks
Particulars
Clearvue Control center
provider
Demand
live
region
Particulars
MyWorld
Prototype
prototype
deals
connecting people
world
matrimony
job
sharing
file sharing stuffs
Particulars
Window
Agent
estate Dashboard
platforms
customization
Real
movies
music
contents
uses
computing
carryout
messaging
manipulation
file
Travel Mug Designer
Cafepress
Computing
interface
mug
Agents
properties
px X
px Multi
pulls
amounts
categories
subcategories
representing
specification
option
facilities
challenge
search
access
treatment plans
KUMAR
Today
friends
players
upload
desktop
HTM L
continue
trusted
Networking
connects people
map
cities
event creations
population
animated
navigation
switching
map
Text
event follow ups stuffs
Sharing
people
download
share
files
GB
selecting drinks
flavors
order
cafepress
café press
party
Flow
converted
flow
treatment
way
implements
health  progress
charts
selected
physician
monitor
stages
treatment
component prototypes
description
price
Users
price
navigations
launching brew
T-Shirt Customization
driven T-shirt
logo
User
color
T-shirt
place
logo
health
unify
mechanism
operate
Interactive
videos
playing Vimeo
Youtube
brightcrove videos
controlled
areas
posting widget
sites
discussions
meetings
Employment
conducted
need
sales
know
sources
codebase
café press
uploading
image
byte array
Cafe Press
reader
ANE extension
reading
camera
Andoid
App- Touch
Version
SQLLite
QR
memory
enabled
swipe gestures
bar chart
slider
filter
range
compare
pie chart
descriptions
Remote Objects
Verizon E
Channel Cast
Channel
Verizon Wireless
run
LG Chocolate
Handset
functionalities
Lite
T-Shirt
add Captions
styles
formatting
PDF
Exec
Operational Dashboard
expose
Skype Id
Objective
utilizes
conceive
achieve
targets
allowing
grow
enhancing
's
Permit
Residence Permit
Visa
i
Passing
INDIA
Malasia
Thiland
Audiologist
calibrate
hearing
Fitting
Crawler
Rocket Internet
Price comparison
launched
countries
PricePanda crawls
websites
maintains  crawled
crawled
prices
specifications
link
purchase
updater
updating prices
crawled
Webcrawler?
Developed?
Priceupdater?
exposing
crawling
Job?
crawling
managed
roadmaps
Planet
loyalty
Loyalty
retailer
assign
purchases
Retailer
redeem
benefit
return
response
hit
LSI
Skype Id
's
Rocket Internet
shut down?
had
shut down?
Residence
Things
aids
Price Comparison E­Commerce
maintains
updating
Developed?
Job?
SnapAV
Internet
Claricetechnologies Test Driven
driven
SnapAV manufactures
IP
wattbox
surveillance Camera
Switches
report
instance
team?
SCRATCH
Communicate
plan
communicates SSD controller
network
fetch Solid
initiate
performed
drives
Do
captures
captures address
capturing
Reflexis Task
INDIAN
Skype Id
utilize
Industry
being
Proficient
possessing
including
O bject O
rogramming
medium
aspects
Seeking
Familiar
Possess
Skype Id
's
Capable
applying
actions
Delivering
scheduled deadlines
extending
