want
can be
CV Template
have done bachelor
Technical Forte is
Working
Other Tools
Worked
am
having
am
's
PingIt
BMB
Bkey
Flexprod
Name
Dt
mm
yyyy
ACE
Pvt
Joined dd
Rational
Ltd
erstwhile
apps
Architect
Achievement
Reward
award
Page
Birth
status call
Known                                                	Hindi
English
Personal
UI
Award
Desktop System
Methodology
Employment History
PAT ON
Citizenship
recognition
's
Gradle
's
Kudos
IntelJ
Maximizes
Course 	Institute 	Major
Specialization
's
Certifications
SCJP
Completion
existing
give
Systems Address
modules
products
Analyze
requirements
tasks
resolutions
required
Pimpri-
status
Park
location
confirmed
M
will be
solutions based
emerging
Persistents clients
relationships
practices
js Doing
quality
work
vendors
influence
Defining
following
Floor
Block
PL
II
Any Postgraduate
Any Doctorate
Category
Profile
is
Global
provider
Business-
&amp;
Capital Markets
Technology domains
Founded
has been
inception
Headquartered
professionals
presence
based
differentiates
service providers
Industry
industry
people
industry specific domain expertise
processes
foundation
business impact
customers
world
resulting
recognized names
clients
vision
role
shaping business
strategies
has
dedicated domain competency groups
groups drive
knowledge capital
thought
segments
engagement
order
service
Extended
client's operations
enabling
realize maximum business benefits
doubled
revenues
awards
accolades recognizing
one
Fastest
companies
today
addition
record growth
's
environment
have earned
title
Visit
www
com Salary
Disclosed
days
related field
equivalent combination
experience
parsing
open
Walk-in
Sat
B-
cities
pioneer
expertise collaborating
leading corporations
brings
dedicated teams
markets
assist
Public Sector
Energy
Utilities
sectors
help
advance
industries
Group
countries
's
providers
outsourcing services
reported
EUR
billion
creates
business
solutions
fit
needs
results
multicultural organization
way
Collaborative
TM
draws
Rightshore-
worldwide delivery
Learn
com
trademark belonging
live
breathe
philosophy
brand slogan
matter
count
believe
approach
competition
places
heart
success
belief
ability
promise
adhering
seven values
committed
equality
opportunity
dignity
caste
religion
race
color
creed
origins
gender
sexuality
disability
class
age
Disability assistance
adjustments may be provided
area
Salary
disclosed
conducting
Interviews
SATURDAY
Please find
Job
same-
Responsibilities-
weight
1st floor
are looking
advanced
concepts
handling
Backend teams
improve
maintaining
converting
using
i
Custom script error
app
plus
integration
Broad
No-
1st
Opposite Popular
Sc
helped organizations
completed
worldwide
services portfolio includes
range
learning
types
comprises
UpsideLMS
value Learning Management System
Upside
Go
desktops
tablets
phones
eLearning
FRED
site
interactions
crossplatforms
Desktop
MAC
Use
trends
CTS
held
manufacturer
distributor
health care supplies
services
Today
manufactures
encompassing
items
textile lines
venture
plants
distribution centers
revenue
company
owned
debts
effects
downturn
recession
First-rate compensation
benefits package
growth
establishment
Open door
culture
accountability
posted
looking
internet
intranet
extranet sites
systems
step
are
devices
patterns
client side
side
specifications
Systems
team
Commerce
Management
leading integrated retailer
stores
home
SHOP
WAY
appliance retailer
lawn
garden
fitness equipment
Industries
Pride
America's
distributes
facilities
employment
growing
Genuine
person
involved
provide
target
wire
Document
Execute unit tests
unit test documentation
equivalent
