Birthday
Receiver
Sender
Sales People
Field
Child
Parent
Brand
Center
Teacher
Director
Pharmacy
Team
End user
Manager
Department
Country
Bank
Executive
Nurse
Doctor
Teacher
University
School
Consumer
Visitor
Candidate
Employer
Company
Organization
Prospect
Lead
Driver
Airline
Pilot
People
Student
Applicant
Farmer
Banker
Plumber
Doner
Beneficiary
Department
Dog
Government
Cat 
Cattle
Animal
Pet
Actor
Model
Singer
Artist
Painter
Shopkeeper
Shop-owner
Owner
Lawyer
Judge
Para-legal
Paramedical
Man
Woman
Boys
Girls
Referee
Sportman
Athlete
Runner
Drummer
Musician
Scientist
Researcher
Marketer
Advertiser
Contractor
Gatekeeper
HR
IT
Professional
Professor
Engineer
Clerk
Church
State
City
Insurer
Client
Organizer
Timekeeper
Front Office
Receptionist
Back Office
Operator
Provider
Business
Presenter
Performer
Birthdays
Receivers
Senders
Sales People
Fields
Childs
Parents
Brands
Centers
Teachers
Directors
Pharmacies
Teams
End users
Managers
Departments
Countries
Banks
Executives
Nurses
Doctors
Teachers
Universities
Schools
Consumers
Visitors
Candidates
Employers
Companies
Organizations
Prospects
Leads
Drivers
Airlines
Pilots
People
Students
Applicants
Farmers
Bankers
Plumbers
Doners
Beneficiaries
Departments
Dogs
Governments
Cats
Cattle
Animals
Pets
Actors
Models
Singers
Artists
Painters
Shopkeepers
Shop-owners
Owners
Lawyers
Judges
Para-legals
Paramedicals
Men
Women
Boys
Girls
Referees
Spotsmen
Athletes
Runners
Drummers
Musicians
Scientists
Researchers
Marketers
Advertisers
Contractors
Gatekeepers
HRs
ITs
Professionals
Professors
Engineers
Clerks
Churches
States
Cities
Insurers
Clients
Organizers
Timekeepers
Front Offices
Receptionists
Back Offices
Operators
Providers
Businesses
Presenters
Performers
partner
partners
Nationality
Date
