Message
Audio
Format
Data
Phone
Mobile
Tablet
Server
Real-Time
Kiosk
Information
Record 
Safety
Mealss
Functions
Speed
Accuracy
Presription
Decision
Video
Screen
Browser
Form 
Notification
E-mail
Report
Room
Chat
Car
Vehicle
Location
Shopping-cart
Luggage
Laptop
Device
Card
Calendar
Memory
Loan
Mortgage
Holiday
Travel 
Aircraft
Hotel
Stylus
Button
Deposit
Share
Security
Risk
Product
Machine
Fuel
App
Food
Gallery
Shop
Restaurant
Image
Effect
Color
Journey
Meeting
Conference
Event
Solution
Opportunity
Value
Logic
Result
Presentation
Implementation
Requirement
Required
Recruitment
Performance
Chart
Graph
Messages
Audios
Formats
Data
Phones
Mobiles
Tablets
Servers
Real-Times
Kiosks
Informations
Record s
Safeties
Meals
Functionss
Speeds
Accuracies
Presriptions
Decisions
Videos
Screens
Browsers
Forms
Notifications
E-mails
Reports
Rooms
Chats
Cars
Vehicles
Locations
Shopping-carts
Luggage
Laptops
Devices
Cards
Calendars
Memorys
Loans
Mortgages
Holidays
Travels
Aircrafts
Hotels
Styluses
Buttons
Deposits
Shares
Securities
Risks
Products
Machines
Fuels
Apps
Foods
Galleries
Shops
Restaurants
Images
Effects
Colors
Journies
Meetings
Conferences
Events
Solutions
Opportunities
Values
Logics
Results
Presentations
Implementations
Requirements
Voice
Recruitments
Performances
Charts
Graphs
remittance
channel
payment
payments
channels
recorded
functionality
functionResume
Mobile apps
web apps
web interface application
Web Tool
web
Digital
Responsive
Web
