Defect
Eject
Raise
Rotate
Revolve
Adjust
Manage
Terminate
Revert
Change
Alter
Omit
Offer
Break
Bind
Meet
Mask
Understand
Present
Preserve
Serve
Perform
Tune
Import
Export
Immitate
Approve
Exercise
Run
Render
Reject
Accept
Broadcast
Queue
Stamp
Write
Blog
Tweet
Post
Support
Maintain
Count
Discount
Invoice
Bill
Grow
Click
Negotiate
Estimate
Bring
Store
Save
Retrieve
Sanction
Plan
Rate
Review
Remark
Scroll
Point
Like
Dislike
Eat
Enjoy
Drink
Buy
Sell
Sing
Dance
Act
Paint
Sue
Log
Access
File
Fill
Submit
Help
Optimize
Alert
Intimate
Inform
See
Engage
Accomodate
Log
Erase
Create
Register
Locate
Track
Transmit
Receive
Remember
Remind
Function
Preview
Record
Play
Purchase
Able
Allow
Download
Upload
Demo
Update
Synch
Trace
Drop
Deploy
Install
Release
Configure
Set
Defects
Ejects
Raises
Rotates
Revolves
Adjusts
Manages
Terminates
Reverts
Changes
Alters
Omits
Offers
Breaks
Binds
Meets
Masks
Understands
Presents
Preserves
Serves
Performs
Tunes
Imports
Exports
Immitates
Approves
Exercises
Runs
Renders
Rejects
Accepts
Broadcasts
Queues
Stamps
Writes
Blogs
Tweets
Posts
Supports
Maintains
Counts
Discounts
Invoices
Bills
Grows
Clicks
Negotiates
Estimates
Brings
Stores
Saves
Retrieves
Sanctions
Plans
Rates
Reviews
Remarks
Scrolls
Points
Likes
Dislikes
Eats
Enjoys
Drinks
Buys
Sells
Sings
Dances
Acts
Paints
Sues
Logs
Accesss
Files
Fills
Submits
Helps
Optimizes
Alerts
Intimates
Informs
Sees
Engages
Accomodates
Logs
Erases
Creates
Registers
Locates
Tracks
Transmits
Receives
Remembers
Reminds
Functions
Previews
Records
Plays
Purchases
Allows
Downloads
Uploads
Demos
Updates
Synchs
Traces
Drops
Deploys
Installs
Releases
Configures
Sets
Defected
Ejected
Raised
Rotated
Revolved
Adjusted
Managed
Terminated
Reverted
Changed
Altered
Omitted
Offered
Breaked
Bound
Met
Masked
Understanded
Presented
Preserved
Served
Performed
Tuned
Imported
Exported
Immitated
Approved
Exercised
Ran
Rendered
Rejected
Accepted
Broadcast
Queued
Stamped
Wrote
Blogged
Tweeted
Posted
Supported
Maintained
Counted
Discounted
Invoiced
Billed
Grew
Clicked
Negotiated
Estimated
Brought
Stored
Saved
Retrieved
Sanctioned
Planned
Rated
Reviewed
Remarked
Scrolled
Pointed
Liked
Disliked
Ate
Enjoyed
Drank
Bought
Sold
Sang
Danced
Acted
Painted
Sued
Logged
Accessed
Filed
Filled
Submitted
Helped
Optimized
Alerted
Intimated
Informed
Saw
Engaged
Accomodated
Logged
Erased
Created
Registered
Located
Tracked
Transmitted
Received
Remembered
Reminded
Functioned
Previewed
Recorded
Played
Purchased
Abled
Allowed
Downloaded
Uploaded
Demoed
Updated
Synched
Traced
Dropped
Deployed
Installed
Released
Configured
Set
Defecting
Ejecting
Raising
Rotating
Revolving
Adjusting
Managing
Terminating
Reverting
Changing
Altering
Omitting
offering
Breaking
Binding
Meeting
Masking
Understanding
Presenting
Preserving
Serving
Performing
Tuning
Importing
Exporting
Immitating
Approving
Exercising
Running
Rendering
Rejecting
Accepting
Broadcasting
Queuing
Stamping
Writing
Blogging
Tweeting
Posting
Supporting
Maintaining
Counting
Discounting
Invoicing
Billing
Growing
Clicking
Negotiating
Estimating
Bringing
Storing
Saving
Retrieving
Sanctioning
Planning
Rating
Reviewing
Remarking
Scrolling
Pointing
Liking
Disliking
Eating
Enjoying
Drinking
Buying
Selling
Singing
Dancing
Acting
Painting
Suing
Logging
Accessing
Filing
Filling
Submitting
Helping
Optimizing
Alerting
Intimating
Informing
Seeing
Engaging
Accomodating
Logging
Erasing
Creating
Registering
Locating
Tracking
Transmitting
Receiving
Remembering
Reminding
Functioning
Previewing
Recording
Playing
Purchasing
Allowing
Downloading
Uploading
Demoing
Updating
Synching
Tracing
Dropping
Deploying
Installing
Releasing
Configuring
Setting
delivers
delivered
delivering
deliver
Impact Assessment
execution
Services
employs
training
draw
create
enrich
share
deploying
operate
working
Consulting
Outsourcing
consulting
drive
demonstrates
