Abasaheb
ACTS
AIM
Alards
Allana
ANITS
Ballarpur
BITS
BITS Pilani
brady university
BVP
C-DAC
Cusrow
Cusrow Wadia
DAC
DCSA
Fergusson
GIDS
GPP
Guru Nanak
Hislop
ICEM
IIIT
IIM
IIT
IIT Bombay
Indira
Kai Sau
Khemraj Mahavidyalaya
Maharashtra Vidyalay
Pune University
Saraswati Vidha
Sarvodaya Vidyalaya
SBGI Miraj
Shivaji University
Shri Pancham
SKSVMACET VTU
TOASTMASTER INTERNATIONAL
Abasaheb Garware College and Technology
Jr College Shahada
North Maharashtra University
College of Engineering Gandhinagar
Shah Vidyamandir Shahada
St John's High
University Ahmedabad Guj
University of Pune
Vidyamandir Jr collage
JawaharLal Nehru Technological University
A.H.V High Schoo
Sri Kakatiya Junior College
Sinhgad Institute of Technology
RCF School
RCG Higher Secondary College
Board of Secondary Education
Dharmsinh Desai Institute of Technology
National Institute of Technology
R.E.C.
RTM Nagpur University
College Of Engineering Pune
Govt. College of Engineering, Pune
Central Board Of Secondary Education
K.T.H.M College
Maharashtra State Board
I.G.N.O.U.
Medicaps Institute of Technology and management
Gujarat University
Birla Institute of Technology and science
Kumaon Engineering college
University of Bhopal
Vishwakarma Institute of Information Technology
AAI University
Gujarat Secondary Education Board
Sardar Patel University
Sri Venkateswara University
Sri Krishnadevaraya University
Evolve Institute
RGPV University
Jyothishmathi College of Engineering and Technology (JNTU)
Kendriya Vidyalaya, Picket
Wesley Boys High school
KIIT University
Mumbai University
Hirays Institute of Computer Application
S.I.W.S. College
Sinhgad Academy of Engineering
Jagannath Institute for Technology and Management
Biju Patanaik University Of Technology
RITEE
Nayagarh College
Bholanath Vidyapith
Dr.BAM University
Kopal Higher Secondary SchoolI.E.T.Indore
I.E.T. Indore
DAVV University
I.E.T. ,Indore
Pat
Sinhgad
